Archive member included to satisfy reference by file (symbol)

/Applications/ArmGNUToolchain/13.3.rel1/arm-none-eabi/bin/../lib/gcc/arm-none-eabi/13.3.1/../../../../arm-none-eabi/lib/thumb/v7e-m+fp/hard/libc_nano.a(libc_a-exit.o)
                              /Applications/ArmGNUToolchain/13.3.rel1/arm-none-eabi/bin/../lib/gcc/arm-none-eabi/13.3.1/../../../../arm-none-eabi/lib/thumb/v7e-m+fp/hard/crt0.o (exit)
/Applications/ArmGNUToolchain/13.3.rel1/arm-none-eabi/bin/../lib/gcc/arm-none-eabi/13.3.1/../../../../arm-none-eabi/lib/thumb/v7e-m+fp/hard/libc_nano.a(libc_a-findfp.o)
                              /Applications/ArmGNUToolchain/13.3.rel1/arm-none-eabi/bin/../lib/gcc/arm-none-eabi/13.3.1/../../../../arm-none-eabi/lib/thumb/v7e-m+fp/hard/libc_nano.a(libc_a-exit.o) (__stdio_exit_handler)
/Applications/ArmGNUToolchain/13.3.rel1/arm-none-eabi/bin/../lib/gcc/arm-none-eabi/13.3.1/../../../../arm-none-eabi/lib/thumb/v7e-m+fp/hard/libc_nano.a(libc_a-fwalk.o)
                              /Applications/ArmGNUToolchain/13.3.rel1/arm-none-eabi/bin/../lib/gcc/arm-none-eabi/13.3.1/../../../../arm-none-eabi/lib/thumb/v7e-m+fp/hard/libc_nano.a(libc_a-findfp.o) (_fwalk_sglue)
/Applications/ArmGNUToolchain/13.3.rel1/arm-none-eabi/bin/../lib/gcc/arm-none-eabi/13.3.1/../../../../arm-none-eabi/lib/thumb/v7e-m+fp/hard/libc_nano.a(libc_a-memset.o)
                              /Applications/ArmGNUToolchain/13.3.rel1/arm-none-eabi/bin/../lib/gcc/arm-none-eabi/13.3.1/../../../../arm-none-eabi/lib/thumb/v7e-m+fp/hard/crt0.o (memset)
/Applications/ArmGNUToolchain/13.3.rel1/arm-none-eabi/bin/../lib/gcc/arm-none-eabi/13.3.1/../../../../arm-none-eabi/lib/thumb/v7e-m+fp/hard/libc_nano.a(libc_a-errno.o)
                              CMakeFiles/DBUS_receive.dir/Core/Src/sysmem.c.obj (__errno)
/Applications/ArmGNUToolchain/13.3.rel1/arm-none-eabi/bin/../lib/gcc/arm-none-eabi/13.3.1/../../../../arm-none-eabi/lib/thumb/v7e-m+fp/hard/libc_nano.a(libc_a-init.o)
                              /Applications/ArmGNUToolchain/13.3.rel1/arm-none-eabi/bin/../lib/gcc/arm-none-eabi/13.3.1/../../../../arm-none-eabi/lib/thumb/v7e-m+fp/hard/crt0.o (__libc_init_array)
/Applications/ArmGNUToolchain/13.3.rel1/arm-none-eabi/bin/../lib/gcc/arm-none-eabi/13.3.1/../../../../arm-none-eabi/lib/thumb/v7e-m+fp/hard/libc_nano.a(libc_a-lock.o)
                              /Applications/ArmGNUToolchain/13.3.rel1/arm-none-eabi/bin/../lib/gcc/arm-none-eabi/13.3.1/../../../../arm-none-eabi/lib/thumb/v7e-m+fp/hard/libc_nano.a(libc_a-findfp.o) (__retarget_lock_init_recursive)
/Applications/ArmGNUToolchain/13.3.rel1/arm-none-eabi/bin/../lib/gcc/arm-none-eabi/13.3.1/../../../../arm-none-eabi/lib/thumb/v7e-m+fp/hard/libc_nano.a(libc_a-impure.o)
                              /Applications/ArmGNUToolchain/13.3.rel1/arm-none-eabi/bin/../lib/gcc/arm-none-eabi/13.3.1/../../../../arm-none-eabi/lib/thumb/v7e-m+fp/hard/libc_nano.a(libc_a-errno.o) (_impure_ptr)
/Applications/ArmGNUToolchain/13.3.rel1/arm-none-eabi/bin/../lib/gcc/arm-none-eabi/13.3.1/../../../../arm-none-eabi/lib/thumb/v7e-m+fp/hard/libc_nano.a(libc_a-mallocr.o)
                              /Applications/ArmGNUToolchain/13.3.rel1/arm-none-eabi/bin/../lib/gcc/arm-none-eabi/13.3.1/../../../../arm-none-eabi/lib/thumb/v7e-m+fp/hard/libc_nano.a(libc_a-findfp.o) (_malloc_r)
/Applications/ArmGNUToolchain/13.3.rel1/arm-none-eabi/bin/../lib/gcc/arm-none-eabi/13.3.1/../../../../arm-none-eabi/lib/thumb/v7e-m+fp/hard/libc_nano.a(libc_a-fflush.o)
                              /Applications/ArmGNUToolchain/13.3.rel1/arm-none-eabi/bin/../lib/gcc/arm-none-eabi/13.3.1/../../../../arm-none-eabi/lib/thumb/v7e-m+fp/hard/libc_nano.a(libc_a-findfp.o) (_fflush_r)
/Applications/ArmGNUToolchain/13.3.rel1/arm-none-eabi/bin/../lib/gcc/arm-none-eabi/13.3.1/../../../../arm-none-eabi/lib/thumb/v7e-m+fp/hard/libc_nano.a(libc_a-mlock.o)
                              /Applications/ArmGNUToolchain/13.3.rel1/arm-none-eabi/bin/../lib/gcc/arm-none-eabi/13.3.1/../../../../arm-none-eabi/lib/thumb/v7e-m+fp/hard/libc_nano.a(libc_a-mallocr.o) (__malloc_lock)
/Applications/ArmGNUToolchain/13.3.rel1/arm-none-eabi/bin/../lib/gcc/arm-none-eabi/13.3.1/../../../../arm-none-eabi/lib/thumb/v7e-m+fp/hard/libc_nano.a(libc_a-stdio.o)
                              /Applications/ArmGNUToolchain/13.3.rel1/arm-none-eabi/bin/../lib/gcc/arm-none-eabi/13.3.1/../../../../arm-none-eabi/lib/thumb/v7e-m+fp/hard/libc_nano.a(libc_a-findfp.o) (__sread)
/Applications/ArmGNUToolchain/13.3.rel1/arm-none-eabi/bin/../lib/gcc/arm-none-eabi/13.3.1/../../../../arm-none-eabi/lib/thumb/v7e-m+fp/hard/libc_nano.a(libc_a-lseekr.o)
                              /Applications/ArmGNUToolchain/13.3.rel1/arm-none-eabi/bin/../lib/gcc/arm-none-eabi/13.3.1/../../../../arm-none-eabi/lib/thumb/v7e-m+fp/hard/libc_nano.a(libc_a-stdio.o) (_lseek_r)
[...]
Memory Configuration

Name             Origin             Length             Attributes
RAM              0x20000000         0x00030000         xrw
CCMRAM           0x10000000         0x00010000         xrw
FLASH            0x08000000         0x00200000         xr
*default*        0x00000000         0xffffffff

Linker script and memory map

LOAD /Applications/ArmGNUToolchain/13.3.rel1/arm-none-eabi/bin/../lib/gcc/arm-none-eabi/13.3.1/thumb/v7e-m+fp/hard/crti.o
LOAD /Applications/ArmGNUToolchain/13.3.rel1/arm-none-eabi/bin/../lib/gcc/arm-none-eabi/13.3.1/thumb/v7e-m+fp/hard/crtbegin.o
LOAD /Applications/ArmGNUToolchain/13.3.rel1/arm-none-eabi/bin/../lib/gcc/arm-none-eabi/13.3.1/../../../../arm-none-eabi/lib/thumb/v7e-m+fp/hard/crt0.o
START GROUP
END GROUP
START GROUP
LOAD /Applications/ArmGNUToolchain/13.3.rel1/arm-none-eabi/bin/../lib/gcc/arm-none-eabi/13.3.1/../../../../arm-none-eabi/lib/thumb/v7e-m+fp/hard/libstdc++_nano.a
LOAD /Applications/ArmGNUToolchain/13.3.rel1/arm-none-eabi/bin/../lib/gcc/arm-none-eabi/13.3.1/../../../../arm-none-eabi/lib/thumb/v7e-m+fp/hard/libsupc++_nano.a
END GROUP
LOAD CMakeFiles/DBUS_receive.dir/Core/Src/callback.cpp.obj
LOAD CMakeFiles/DBUS_receive.dir/Core/Src/rc.cpp.obj
LOAD CMakeFiles/DBUS_receive.dir/Core/Src/main.c.obj
LOAD CMakeFiles/DBUS_receive.dir/Core/Src/gpio.c.obj
LOAD CMakeFiles/DBUS_receive.dir/Core/Src/dma.c.obj
LOAD CMakeFiles/DBUS_receive.dir/Core/Src/usart.c.obj
LOAD CMakeFiles/DBUS_receive.dir/Core/Src/stm32f4xx_it.c.obj
LOAD CMakeFiles/DBUS_receive.dir/Core/Src/stm32f4xx_hal_msp.c.obj
LOAD CMakeFiles/DBUS_receive.dir/Drivers/STM32F4xx_HAL_Driver/Src/stm32f4xx_hal_tim.c.obj
LOAD CMakeFiles/DBUS_receive.dir/Drivers/STM32F4xx_HAL_Driver/Src/stm32f4xx_hal_tim_ex.c.obj
LOAD CMakeFiles/DBUS_receive.dir/Drivers/STM32F4xx_HAL_Driver/Src/stm32f4xx_hal_uart.c.obj
LOAD CMakeFiles/DBUS_receive.dir/Drivers/STM32F4xx_HAL_Driver/Src/stm32f4xx_hal_rcc.c.obj
LOAD CMakeFiles/DBUS_receive.dir/Drivers/STM32F4xx_HAL_Driver/Src/stm32f4xx_hal_rcc_ex.c.obj
LOAD CMakeFiles/DBUS_receive.dir/Drivers/STM32F4xx_HAL_Driver/Src/stm32f4xx_hal_flash.c.obj
LOAD CMakeFiles/DBUS_receive.dir/Drivers/STM32F4xx_HAL_Driver/Src/stm32f4xx_hal_flash_ex.c.obj
LOAD CMakeFiles/DBUS_receive.dir/Drivers/STM32F4xx_HAL_Driver/Src/stm32f4xx_hal_flash_ramfunc.c.obj
LOAD CMakeFiles/DBUS_receive.dir/Drivers/STM32F4xx_HAL_Driver/Src/stm32f4xx_hal_gpio.c.obj
LOAD CMakeFiles/DBUS_receive.dir/Drivers/STM32F4xx_HAL_Driver/Src/stm32f4xx_hal_dma_ex.c.obj
LOAD CMakeFiles/DBUS_receive.dir/Drivers/STM32F4xx_HAL_Driver/Src/stm32f4xx_hal_dma.c.obj
LOAD CMakeFiles/DBUS_receive.dir/Drivers/STM32F4xx_HAL_Driver/Src/stm32f4xx_hal_pwr.c.obj
LOAD CMakeFiles/DBUS_receive.dir/Drivers/STM32F4xx_HAL_Driver/Src/stm32f4xx_hal_pwr_ex.c.obj
LOAD CMakeFiles/DBUS_receive.dir/Drivers/STM32F4xx_HAL_Driver/Src/stm32f4xx_hal_cortex.c.obj
LOAD CMakeFiles/DBUS_receive.dir/Drivers/STM32F4xx_HAL_Driver/Src/stm32f4xx_hal.c.obj
LOAD CMakeFiles/DBUS_receive.dir/Drivers/STM32F4xx_HAL_Driver/Src/stm32f4xx_hal_exti.c.obj
LOAD CMakeFiles/DBUS_receive.dir/Core/Src/system_stm32f4xx.c.obj
LOAD CMakeFiles/DBUS_receive.dir/Core/Src/sysmem.c.obj
LOAD CMakeFiles/DBUS_receive.dir/Core/Src/syscalls.c.obj
LOAD CMakeFiles/DBUS_receive.dir/startup_stm32f427xx.s.obj
LOAD /Applications/ArmGNUToolchain/13.3.rel1/arm-none-eabi/bin/../lib/gcc/arm-none-eabi/13.3.1/../../../../arm-none-eabi/lib/thumb/v7e-m+fp/hard/libstdc++_nano.a
LOAD /Applications/ArmGNUToolchain/13.3.rel1/arm-none-eabi/bin/../lib/gcc/arm-none-eabi/13.3.1/../../../../arm-none-eabi/lib/thumb/v7e-m+fp/hard/libm.a
LOAD /Applications/ArmGNUToolchain/13.3.rel1/arm-none-eabi/bin/../lib/gcc/arm-none-eabi/13.3.1/../../../../arm-none-eabi/lib/thumb/v7e-m+fp/hard/libc_nano.a
START GROUP
LOAD /Applications/ArmGNUToolchain/13.3.rel1/arm-none-eabi/bin/../lib/gcc/arm-none-eabi/13.3.1/thumb/v7e-m+fp/hard/libgcc.a
LOAD /Applications/ArmGNUToolchain/13.3.rel1/arm-none-eabi/bin/../lib/gcc/arm-none-eabi/13.3.1/../../../../arm-none-eabi/lib/thumb/v7e-m+fp/hard/libg_nano.a
LOAD /Applications/ArmGNUToolchain/13.3.rel1/arm-none-eabi/bin/../lib/gcc/arm-none-eabi/13.3.1/../../../../arm-none-eabi/lib/thumb/v7e-m+fp/hard/libc_nano.a
END GROUP
START GROUP
LOAD /Applications/ArmGNUToolchain/13.3.rel1/arm-none-eabi/bin/../lib/gcc/arm-none-eabi/13.3.1/thumb/v7e-m+fp/hard/libgcc.a
LOAD /Applications/ArmGNUToolchain/13.3.rel1/arm-none-eabi/bin/../lib/gcc/arm-none-eabi/13.3.1/../../../../arm-none-eabi/lib/thumb/v7e-m+fp/hard/libc_nano.a
END GROUP
LOAD /Applications/ArmGNUToolchain/13.3.rel1/arm-none-eabi/bin/../lib/gcc/arm-none-eabi/13.3.1/thumb/v7e-m+fp/hard/crtend.o
LOAD /Applications/ArmGNUToolchain/13.3.rel1/arm-none-eabi/bin/../lib/gcc/arm-none-eabi/13.3.1/thumb/v7e-m+fp/hard/crtn.o
                0x20030000                        _estack = (ORIGIN (RAM) + LENGTH (RAM))
                0x00000200                        _Min_Heap_Size = 0x200
                0x00000400                        _Min_Stack_Size = 0x400

.isr_vector     0x08000000      0x1ac
                0x08000000                        . = ALIGN (0x4)
 *(.isr_vector)
 .isr_vector    0x08000000      0x1ac CMakeFiles/DBUS_receive.dir/startup_stm32f427xx.s.obj
                0x08000000                g_pfnVectors
                0x080001ac                        . = ALIGN (0x4)

.text           0x080001ac     0x3694
                0x080001ac                        . = ALIGN (0x4)
 *(.text)
 .text          0x080001ac       0x30 /Applications/ArmGNUToolchain/13.3.rel1/arm-none-eabi/bin/../lib/gcc/arm-none-eabi/13.3.1/thumb/v7e-m+fp/hard/libgcc.a(_aeabi_uldivmod.o)
                0x080001ac                __aeabi_uldivmod
 .text          0x080001dc        0x4 /Applications/ArmGNUToolchain/13.3.rel1/arm-none-eabi/bin/../lib/gcc/arm-none-eabi/13.3.1/thumb/v7e-m+fp/hard/libgcc.a(_dvmd_tls.o)
                0x080001dc                __aeabi_ldiv0
                0x080001dc                __aeabi_idiv0
 *(.text*)
 .text.deregister_tm_clones
                0x080001e0       0x1c /Applications/ArmGNUToolchain/13.3.rel1/arm-none-eabi/bin/../lib/gcc/arm-none-eabi/13.3.1/thumb/v7e-m+fp/hard/crtbegin.o
 .text.register_tm_clones
                0x080001fc       0x24 /Applications/ArmGNUToolchain/13.3.rel1/arm-none-eabi/bin/../lib/gcc/arm-none-eabi/13.3.1/thumb/v7e-m+fp/hard/crtbegin.o
 .text.__do_global_dtors_aux
                0x08000220       0x28 /Applications/ArmGNUToolchain/13.3.rel1/arm-none-eabi/bin/../lib/gcc/arm-none-eabi/13.3.1/thumb/v7e-m+fp/hard/crtbegin.o
 .text.frame_dummy
                0x08000248       0x24 /Applications/ArmGNUToolchain/13.3.rel1/arm-none-eabi/bin/../lib/gcc/arm-none-eabi/13.3.1/thumb/v7e-m+fp/hard/crtbegin.o
 .text.HAL_UARTEx_RxEventCallback
                0x0800026c       0x58 CMakeFiles/DBUS_receive.dir/Core/Src/callback.cpp.obj
                0x0800026c                HAL_UARTEx_RxEventCallback
 .text._Z13linearMappingfffff
                0x080002c4       0x66 CMakeFiles/DBUS_receive.dir/Core/Src/rc.cpp.obj
                0x080002c4                linearMapping(float, float, float, float, float)
 *fill*         0x0800032a        0x2 
 .text._Z17RemoteDataProcessPKh
                0x0800032c      0x2c4 CMakeFiles/DBUS_receive.dir/Core/Src/rc.cpp.obj
                0x0800032c                RemoteDataProcess(unsigned char const*)
 .text.main     0x080005f0       0x30 CMakeFiles/DBUS_receive.dir/Core/Src/main.c.obj
                0x080005f0                main
 .text.SystemClock_Config
                0x08000620       0xe0 CMakeFiles/DBUS_receive.dir/Core/Src/main.c.obj
                0x08000620                SystemClock_Config
 .text.Error_Handler
                0x08000700        0xc CMakeFiles/DBUS_receive.dir/Core/Src/main.c.obj
                0x08000700                Error_Handler
 .text.MX_GPIO_Init
                0x0800070c       0x6c CMakeFiles/DBUS_receive.dir/Core/Src/gpio.c.obj
                0x0800070c                MX_GPIO_Init
 .text.MX_DMA_Init
                0x08000778       0x50 CMakeFiles/DBUS_receive.dir/Core/Src/dma.c.obj
                0x08000778                MX_DMA_Init
 .text.MX_USART1_UART_Init
                0x080007c8       0x58 CMakeFiles/DBUS_receive.dir/Core/Src/usart.c.obj
                0x080007c8                MX_USART1_UART_Init
 .text.HAL_UART_MspInit
                0x08000820      0x168 CMakeFiles/DBUS_receive.dir/Core/Src/usart.c.obj
                0x08000820                HAL_UART_MspInit
 .text.NMI_Handler
                0x08000988        0x8 CMakeFiles/DBUS_receive.dir/Core/Src/stm32f4xx_it.c.obj
                0x08000988                NMI_Handler
 .text.HardFault_Handler
                0x08000990        0x8 CMakeFiles/DBUS_receive.dir/Core/Src/stm32f4xx_it.c.obj
                0x08000990                HardFault_Handler
 .text.MemManage_Handler
                0x08000998        0x8 CMakeFiles/DBUS_receive.dir/Core/Src/stm32f4xx_it.c.obj
                0x08000998                MemManage_Handler
 .text.BusFault_Handler
                0x080009a0        0x8 CMakeFiles/DBUS_receive.dir/Core/Src/stm32f4xx_it.c.obj
                0x080009a0                BusFault_Handler
 .text.UsageFault_Handler
                0x080009a8        0x8 CMakeFiles/DBUS_receive.dir/Core/Src/stm32f4xx_it.c.obj
                0x080009a8                UsageFault_Handler
 .text.SVC_Handler
                0x080009b0        0xe CMakeFiles/DBUS_receive.dir/Core/Src/stm32f4xx_it.c.obj
                0x080009b0                SVC_Handler
 .text.DebugMon_Handler
                0x080009be        0xe CMakeFiles/DBUS_receive.dir/Core/Src/stm32f4xx_it.c.obj
                0x080009be                DebugMon_Handler
 .text.PendSV_Handler
                0x080009cc        0xe CMakeFiles/DBUS_receive.dir/Core/Src/stm32f4xx_it.c.obj
                0x080009cc                PendSV_Handler
 .text.SysTick_Handler
                0x080009da        0xc CMakeFiles/DBUS_receive.dir/Core/Src/stm32f4xx_it.c.obj
                0x080009da                SysTick_Handler
 *fill*         0x080009e6        0x2 
 .text.USART1_IRQHandler
                0x080009e8       0x14 CMakeFiles/DBUS_receive.dir/Core/Src/stm32f4xx_it.c.obj
                0x080009e8                USART1_IRQHandler
 .text.DMA2_Stream2_IRQHandler
                0x080009fc       0x14 CMakeFiles/DBUS_receive.dir/Core/Src/stm32f4xx_it.c.obj
                0x080009fc                DMA2_Stream2_IRQHandler
 .text.DMA2_Stream7_IRQHandler
                0x08000a10       0x14 CMakeFiles/DBUS_receive.dir/Core/Src/stm32f4xx_it.c.obj
                0x08000a10                DMA2_Stream7_IRQHandler
 .text.HAL_MspInit
                0x08000a24       0x50 CMakeFiles/DBUS_receive.dir/Core/Src/stm32f4xx_hal_msp.c.obj
                0x08000a24                HAL_MspInit
 .text.HAL_UART_Init
                0x08000a74       0xa0 CMakeFiles/DBUS_receive.dir/Drivers/STM32F4xx_HAL_Driver/Src/stm32f4xx_hal_uart.c.obj
                0x08000a74                HAL_UART_Init
 .text.HAL_UARTEx_ReceiveToIdle_DMA
                0x08000b14       0xba CMakeFiles/DBUS_receive.dir/Drivers/STM32F4xx_HAL_Driver/Src/stm32f4xx_hal_uart.c.obj
                0x08000b14                HAL_UARTEx_ReceiveToIdle_DMA
 *fill*         0x08000bce        0x2 
 .text.HAL_UART_IRQHandler
                0x08000bd0      0x524 CMakeFiles/DBUS_receive.dir/Drivers/STM32F4xx_HAL_Driver/Src/stm32f4xx_hal_uart.c.obj
                0x08000bd0                HAL_UART_IRQHandler
 .text.HAL_UART_TxCpltCallback
                0x080010f4       0x14 CMakeFiles/DBUS_receive.dir/Drivers/STM32F4xx_HAL_Driver/Src/stm32f4xx_hal_uart.c.obj
                0x080010f4                HAL_UART_TxCpltCallback
 .text.HAL_UART_RxCpltCallback
                0x08001108       0x14 CMakeFiles/DBUS_receive.dir/Drivers/STM32F4xx_HAL_Driver/Src/stm32f4xx_hal_uart.c.obj
                0x08001108                HAL_UART_RxCpltCallback
 .text.HAL_UART_RxHalfCpltCallback
                0x0800111c       0x14 CMakeFiles/DBUS_receive.dir/Drivers/STM32F4xx_HAL_Driver/Src/stm32f4xx_hal_uart.c.obj
                0x0800111c                HAL_UART_RxHalfCpltCallback
 .text.HAL_UART_ErrorCallback
                0x08001130       0x14 CMakeFiles/DBUS_receive.dir/Drivers/STM32F4xx_HAL_Driver/Src/stm32f4xx_hal_uart.c.obj
                0x08001130                HAL_UART_ErrorCallback
 .text.UART_DMAReceiveCplt
                0x08001144      0x12c CMakeFiles/DBUS_receive.dir/Drivers/STM32F4xx_HAL_Driver/Src/stm32f4xx_hal_uart.c.obj
 .text.UART_DMARxHalfCplt
                0x08001270       0x3c CMakeFiles/DBUS_receive.dir/Drivers/STM32F4xx_HAL_Driver/Src/stm32f4xx_hal_uart.c.obj
 .text.UART_DMAError
                0x080012ac       0x94 CMakeFiles/DBUS_receive.dir/Drivers/STM32F4xx_HAL_Driver/Src/stm32f4xx_hal_uart.c.obj
 .text.UART_Start_Receive_DMA
                0x08001340      0x134 CMakeFiles/DBUS_receive.dir/Drivers/STM32F4xx_HAL_Driver/Src/stm32f4xx_hal_uart.c.obj
                0x08001340                UART_Start_Receive_DMA
 .text.UART_EndTxTransfer
                0x08001474       0x50 CMakeFiles/DBUS_receive.dir/Drivers/STM32F4xx_HAL_Driver/Src/stm32f4xx_hal_uart.c.obj
 .text.UART_EndRxTransfer
                0x080014c4       0xc6 CMakeFiles/DBUS_receive.dir/Drivers/STM32F4xx_HAL_Driver/Src/stm32f4xx_hal_uart.c.obj
 .text.UART_DMAAbortOnError
                0x0800158a       0x28 CMakeFiles/DBUS_receive.dir/Drivers/STM32F4xx_HAL_Driver/Src/stm32f4xx_hal_uart.c.obj
 .text.UART_Transmit_IT
                0x080015b2       0xa0 CMakeFiles/DBUS_receive.dir/Drivers/STM32F4xx_HAL_Driver/Src/stm32f4xx_hal_uart.c.obj
 .text.UART_EndTransmit_IT
                0x08001652       0x30 CMakeFiles/DBUS_receive.dir/Drivers/STM32F4xx_HAL_Driver/Src/stm32f4xx_hal_uart.c.obj
 .text.UART_Receive_IT
                0x08001682      0x17c CMakeFiles/DBUS_receive.dir/Drivers/STM32F4xx_HAL_Driver/Src/stm32f4xx_hal_uart.c.obj
 *fill*         0x080017fe        0x2 
 .text.UART_SetConfig
                0x08001800      0x4e8 CMakeFiles/DBUS_receive.dir/Drivers/STM32F4xx_HAL_Driver/Src/stm32f4xx_hal_uart.c.obj
 .text.HAL_RCC_OscConfig
                0x08001ce8      0x4f0 CMakeFiles/DBUS_receive.dir/Drivers/STM32F4xx_HAL_Driver/Src/stm32f4xx_hal_rcc.c.obj
                0x08001ce8                HAL_RCC_OscConfig
 .text.HAL_RCC_ClockConfig
                0x080021d8      0x1cc CMakeFiles/DBUS_receive.dir/Drivers/STM32F4xx_HAL_Driver/Src/stm32f4xx_hal_rcc.c.obj
                0x080021d8                HAL_RCC_ClockConfig
 .text.HAL_RCC_GetSysClockFreq
                0x080023a4      0x18c CMakeFiles/DBUS_receive.dir/Drivers/STM32F4xx_HAL_Driver/Src/stm32f4xx_hal_rcc.c.obj
                0x080023a4                HAL_RCC_GetSysClockFreq
 .text.HAL_RCC_GetHCLKFreq
                0x08002530       0x18 CMakeFiles/DBUS_receive.dir/Drivers/STM32F4xx_HAL_Driver/Src/stm32f4xx_hal_rcc.c.obj
                0x08002530                HAL_RCC_GetHCLKFreq
 .text.HAL_RCC_GetPCLK1Freq
                0x08002548       0x28 CMakeFiles/DBUS_receive.dir/Drivers/STM32F4xx_HAL_Driver/Src/stm32f4xx_hal_rcc.c.obj
                0x08002548                HAL_RCC_GetPCLK1Freq
 .text.HAL_RCC_GetPCLK2Freq
                0x08002570       0x28 CMakeFiles/DBUS_receive.dir/Drivers/STM32F4xx_HAL_Driver/Src/stm32f4xx_hal_rcc.c.obj
                0x08002570                HAL_RCC_GetPCLK2Freq
 .text.HAL_GPIO_Init
                0x08002598      0x358 CMakeFiles/DBUS_receive.dir/Drivers/STM32F4xx_HAL_Driver/Src/stm32f4xx_hal_gpio.c.obj
                0x08002598                HAL_GPIO_Init
 .text.HAL_DMA_Init
                0x080028f0      0x15c CMakeFiles/DBUS_receive.dir/Drivers/STM32F4xx_HAL_Driver/Src/stm32f4xx_hal_dma.c.obj
                0x080028f0                HAL_DMA_Init
 .text.HAL_DMA_Start_IT
                0x08002a4c       0xb0 CMakeFiles/DBUS_receive.dir/Drivers/STM32F4xx_HAL_Driver/Src/stm32f4xx_hal_dma.c.obj
                0x08002a4c                HAL_DMA_Start_IT
 .text.HAL_DMA_Abort
                0x08002afc       0xe0 CMakeFiles/DBUS_receive.dir/Drivers/STM32F4xx_HAL_Driver/Src/stm32f4xx_hal_dma.c.obj
                0x08002afc                HAL_DMA_Abort
 .text.HAL_DMA_Abort_IT
                0x08002bdc       0x44 CMakeFiles/DBUS_receive.dir/Drivers/STM32F4xx_HAL_Driver/Src/stm32f4xx_hal_dma.c.obj
                0x08002bdc                HAL_DMA_Abort_IT
 .text.HAL_DMA_IRQHandler
                0x08002c20      0x314 CMakeFiles/DBUS_receive.dir/Drivers/STM32F4xx_HAL_Driver/Src/stm32f4xx_hal_dma.c.obj
                0x08002c20                HAL_DMA_IRQHandler
 .text.DMA_SetConfig
                0x08002f34       0x5c CMakeFiles/DBUS_receive.dir/Drivers/STM32F4xx_HAL_Driver/Src/stm32f4xx_hal_dma.c.obj
 .text.DMA_CalcBaseAndBitshift
                0x08002f90       0x6c CMakeFiles/DBUS_receive.dir/Drivers/STM32F4xx_HAL_Driver/Src/stm32f4xx_hal_dma.c.obj
 .text.DMA_CheckFifoParam
                0x08002ffc       0xf8 CMakeFiles/DBUS_receive.dir/Drivers/STM32F4xx_HAL_Driver/Src/stm32f4xx_hal_dma.c.obj
 .text.HAL_PWREx_EnableOverDrive
                0x080030f4       0xa0 CMakeFiles/DBUS_receive.dir/Drivers/STM32F4xx_HAL_Driver/Src/stm32f4xx_hal_pwr_ex.c.obj
                0x080030f4                HAL_PWREx_EnableOverDrive
 .text.__NVIC_SetPriorityGrouping
                0x08003194       0x48 CMakeFiles/DBUS_receive.dir/Drivers/STM32F4xx_HAL_Driver/Src/stm32f4xx_hal_cortex.c.obj
 .text.__NVIC_GetPriorityGrouping
                0x080031dc       0x1c CMakeFiles/DBUS_receive.dir/Drivers/STM32F4xx_HAL_Driver/Src/stm32f4xx_hal_cortex.c.obj
 .text.__NVIC_EnableIRQ
                0x080031f8       0x3c CMakeFiles/DBUS_receive.dir/Drivers/STM32F4xx_HAL_Driver/Src/stm32f4xx_hal_cortex.c.obj
 .text.__NVIC_SetPriority
                0x08003234       0x54 CMakeFiles/DBUS_receive.dir/Drivers/STM32F4xx_HAL_Driver/Src/stm32f4xx_hal_cortex.c.obj
 .text.NVIC_EncodePriority
                0x08003288       0x66 CMakeFiles/DBUS_receive.dir/Drivers/STM32F4xx_HAL_Driver/Src/stm32f4xx_hal_cortex.c.obj
 *fill*         0x080032ee        0x2 
 .text.SysTick_Config
                0x080032f0       0x44 CMakeFiles/DBUS_receive.dir/Drivers/STM32F4xx_HAL_Driver/Src/stm32f4xx_hal_cortex.c.obj
 .text.HAL_NVIC_SetPriorityGrouping
                0x08003334       0x16 CMakeFiles/DBUS_receive.dir/Drivers/STM32F4xx_HAL_Driver/Src/stm32f4xx_hal_cortex.c.obj
                0x08003334                HAL_NVIC_SetPriorityGrouping
 .text.HAL_NVIC_SetPriority
                0x0800334a       0x38 CMakeFiles/DBUS_receive.dir/Drivers/STM32F4xx_HAL_Driver/Src/stm32f4xx_hal_cortex.c.obj
                0x0800334a                HAL_NVIC_SetPriority
 .text.HAL_NVIC_EnableIRQ
                0x08003382       0x1c CMakeFiles/DBUS_receive.dir/Drivers/STM32F4xx_HAL_Driver/Src/stm32f4xx_hal_cortex.c.obj
                0x08003382                HAL_NVIC_EnableIRQ
 .text.HAL_SYSTICK_Config
                0x0800339e       0x18 CMakeFiles/DBUS_receive.dir/Drivers/STM32F4xx_HAL_Driver/Src/stm32f4xx_hal_cortex.c.obj
                0x0800339e                HAL_SYSTICK_Config
 *fill*         0x080033b6        0x2 
 .text.HAL_Init
                0x080033b8       0x44 CMakeFiles/DBUS_receive.dir/Drivers/STM32F4xx_HAL_Driver/Src/stm32f4xx_hal.c.obj
                0x080033b8                HAL_Init
 .text.HAL_InitTick
                0x080033fc       0x60 CMakeFiles/DBUS_receive.dir/Drivers/STM32F4xx_HAL_Driver/Src/stm32f4xx_hal.c.obj
                0x080033fc                HAL_InitTick
 .text.HAL_IncTick
                0x0800345c       0x28 CMakeFiles/DBUS_receive.dir/Drivers/STM32F4xx_HAL_Driver/Src/stm32f4xx_hal.c.obj
                0x0800345c                HAL_IncTick
 .text.HAL_GetTick
                0x08003484       0x18 CMakeFiles/DBUS_receive.dir/Drivers/STM32F4xx_HAL_Driver/Src/stm32f4xx_hal.c.obj
                0x08003484                HAL_GetTick
 .text.SystemInit
                0x0800349c       0x24 CMakeFiles/DBUS_receive.dir/Core/Src/system_stm32f4xx.c.obj
                0x0800349c                SystemInit
 .text.Reset_Handler
                0x080034c0       0x50 CMakeFiles/DBUS_receive.dir/startup_stm32f427xx.s.obj
                0x080034c0                Reset_Handler
 .text.Default_Handler
                0x08003510        0x2 CMakeFiles/DBUS_receive.dir/startup_stm32f427xx.s.obj
                0x08003510                DMA1_Stream3_IRQHandler
                0x08003510                HASH_RNG_IRQHandler
                0x08003510                EXTI2_IRQHandler
                0x08003510                TIM8_CC_IRQHandler
                0x08003510                UART8_IRQHandler
                0x08003510                SPI4_IRQHandler
                0x08003510                TIM1_CC_IRQHandler
                0x08003510                DMA2_Stream5_IRQHandler
                0x08003510                DMA1_Stream5_IRQHandler
                0x08003510                PVD_IRQHandler
                0x08003510                SDIO_IRQHandler
                0x08003510                TAMP_STAMP_IRQHandler
                0x08003510                CAN2_RX1_IRQHandler
                0x08003510                EXTI3_IRQHandler
                0x08003510                TIM8_TRG_COM_TIM14_IRQHandler
                0x08003510                TIM1_UP_TIM10_IRQHandler
                0x08003510                TIM8_UP_TIM13_IRQHandler
                0x08003510                I2C3_ER_IRQHandler
                0x08003510                EXTI0_IRQHandler
                0x08003510                I2C2_EV_IRQHandler
                0x08003510                DMA1_Stream2_IRQHandler
                0x08003510                CAN1_RX0_IRQHandler
                0x08003510                FPU_IRQHandler
                0x08003510                OTG_HS_WKUP_IRQHandler
                0x08003510                CAN2_SCE_IRQHandler
                0x08003510                SPI1_IRQHandler
                0x08003510                TIM6_DAC_IRQHandler
                0x08003510                TIM1_BRK_TIM9_IRQHandler
                0x08003510                DCMI_IRQHandler
                0x08003510                CAN2_RX0_IRQHandler
                0x08003510                DMA2_Stream3_IRQHandler
                0x08003510                USART6_IRQHandler
                0x08003510                USART3_IRQHandler
                0x08003510                CAN1_RX1_IRQHandler
                0x08003510                UART5_IRQHandler
                0x08003510                DMA2_Stream0_IRQHandler
                0x08003510                TIM4_IRQHandler
                0x08003510                I2C1_EV_IRQHandler
                0x08003510                DMA1_Stream6_IRQHandler
                0x08003510                DMA1_Stream1_IRQHandler
                0x08003510                UART4_IRQHandler
                0x08003510                TIM3_IRQHandler
                0x08003510                RCC_IRQHandler
                0x08003510                TIM8_BRK_TIM12_IRQHandler
                0x08003510                Default_Handler
                0x08003510                EXTI15_10_IRQHandler
                0x08003510                ADC_IRQHandler
                0x08003510                DMA1_Stream7_IRQHandler
                0x08003510                SPI5_IRQHandler
                0x08003510                TIM7_IRQHandler
                0x08003510                CAN2_TX_IRQHandler
                0x08003510                TIM5_IRQHandler
                0x08003510                I2C3_EV_IRQHandler
                0x08003510                EXTI9_5_IRQHandler
                0x08003510                RTC_WKUP_IRQHandler
                0x08003510                ETH_WKUP_IRQHandler
                0x08003510                SPI2_IRQHandler
                0x08003510                OTG_HS_EP1_IN_IRQHandler
                0x08003510                DMA1_Stream0_IRQHandler
                0x08003510                CAN1_TX_IRQHandler
                0x08003510                EXTI4_IRQHandler
                0x08003510                ETH_IRQHandler
                0x08003510                OTG_HS_EP1_OUT_IRQHandler
                0x08003510                WWDG_IRQHandler
                0x08003510                SPI6_IRQHandler
                0x08003510                TIM2_IRQHandler
                0x08003510                OTG_FS_WKUP_IRQHandler
                0x08003510                TIM1_TRG_COM_TIM11_IRQHandler
                0x08003510                OTG_HS_IRQHandler
                0x08003510                DMA2D_IRQHandler
                0x08003510                EXTI1_IRQHandler
                0x08003510                UART7_IRQHandler
                0x08003510                USART2_IRQHandler
                0x08003510                I2C2_ER_IRQHandler
                0x08003510                DMA2_Stream1_IRQHandler
                0x08003510                CAN1_SCE_IRQHandler
                0x08003510                FLASH_IRQHandler
                0x08003510                DMA2_Stream4_IRQHandler
                0x08003510                OTG_FS_IRQHandler
                0x08003510                SPI3_IRQHandler
                0x08003510                DMA1_Stream4_IRQHandler
                0x08003510                I2C1_ER_IRQHandler
                0x08003510                FMC_IRQHandler
                0x08003510                DMA2_Stream6_IRQHandler
                0x08003510                SAI1_IRQHandler
                0x08003510                RTC_Alarm_IRQHandler
 .text.memset   0x08003512       0x10 /Applications/ArmGNUToolchain/13.3.rel1/arm-none-eabi/bin/../lib/gcc/arm-none-eabi/13.3.1/../../../../arm-none-eabi/lib/thumb/v7e-m+fp/hard/libc_nano.a(libc_a-memset.o)
                0x08003512                memset
 *fill*         0x08003522        0x2 
 .text.__libc_init_array
                0x08003524       0x48 /Applications/ArmGNUToolchain/13.3.rel1/arm-none-eabi/bin/../lib/gcc/arm-none-eabi/13.3.1/../../../../arm-none-eabi/lib/thumb/v7e-m+fp/hard/libc_nano.a(libc_a-init.o)
                0x08003524                __libc_init_array
 .text.__udivmoddi4
                0x0800356c      0x2bc /Applications/ArmGNUToolchain/13.3.rel1/arm-none-eabi/bin/../lib/gcc/arm-none-eabi/13.3.1/thumb/v7e-m+fp/hard/libgcc.a(_udivmoddi4.o)
                0x0800356c                __udivmoddi4
 *(.glue_7)
 .glue_7        0x08003828        0x0 linker stubs
 *(.glue_7t)
 .glue_7t       0x08003828        0x0 linker stubs
 *(.eh_frame)
 .eh_frame      0x08003828        0x0 /Applications/ArmGNUToolchain/13.3.rel1/arm-none-eabi/bin/../lib/gcc/arm-none-eabi/13.3.1/thumb/v7e-m+fp/hard/crtbegin.o
 *(.init)
 .init          0x08003828        0x4 /Applications/ArmGNUToolchain/13.3.rel1/arm-none-eabi/bin/../lib/gcc/arm-none-eabi/13.3.1/thumb/v7e-m+fp/hard/crti.o
                0x08003828                _init
 .init          0x0800382c        0x8 /Applications/ArmGNUToolchain/13.3.rel1/arm-none-eabi/bin/../lib/gcc/arm-none-eabi/13.3.1/thumb/v7e-m+fp/hard/crtn.o
 *(.fini)
 .fini          0x08003834        0x4 /Applications/ArmGNUToolchain/13.3.rel1/arm-none-eabi/bin/../lib/gcc/arm-none-eabi/13.3.1/thumb/v7e-m+fp/hard/crti.o
                0x08003834                _fini
 .fini          0x08003838        0x8 /Applications/ArmGNUToolchain/13.3.rel1/arm-none-eabi/bin/../lib/gcc/arm-none-eabi/13.3.1/thumb/v7e-m+fp/hard/crtn.o
                0x08003840                        . = ALIGN (0x4)
                0x08003840                        _etext = .

.vfp11_veneer   0x08003840        0x0
 .vfp11_veneer  0x08003840        0x0 linker stubs

.v4_bx          0x08003840        0x0
 .v4_bx         0x08003840        0x0 linker stubs

.iplt           0x08003840        0x0
 .iplt          0x08003840        0x0 /Applications/ArmGNUToolchain/13.3.rel1/arm-none-eabi/bin/../lib/gcc/arm-none-eabi/13.3.1/thumb/v7e-m+fp/hard/crtbegin.o

.rodata         0x08003840       0x20
                0x08003840                        . = ALIGN (0x4)
 *(.rodata)
 *(.rodata*)
 .rodata.flagBitshiftOffset.0
                0x08003840        0x8 CMakeFiles/DBUS_receive.dir/Drivers/STM32F4xx_HAL_Driver/Src/stm32f4xx_hal_dma.c.obj
 .rodata.AHBPrescTable
                0x08003848       0x10 CMakeFiles/DBUS_receive.dir/Core/Src/system_stm32f4xx.c.obj
                0x08003848                AHBPrescTable
 .rodata.APBPrescTable
                0x08003858        0x8 CMakeFiles/DBUS_receive.dir/Core/Src/system_stm32f4xx.c.obj
                0x08003858                APBPrescTable
                0x08003860                        . = ALIGN (0x4)

.ARM.extab
 *(.ARM.extab* .gnu.linkonce.armextab.*)

.ARM            0x08003860        0x8
                0x08003860                        __exidx_start = .
 *(.ARM.exidx*)
 .ARM.exidx.text.__udivmoddi4
                0x08003860        0x8 /Applications/ArmGNUToolchain/13.3.rel1/arm-none-eabi/bin/../lib/gcc/arm-none-eabi/13.3.1/thumb/v7e-m+fp/hard/libgcc.a(_udivmoddi4.o)
                0x08003868                        __exidx_end = .

.rel.dyn        0x08003868        0x0
 .rel.iplt      0x08003868        0x0 /Applications/ArmGNUToolchain/13.3.rel1/arm-none-eabi/bin/../lib/gcc/arm-none-eabi/13.3.1/thumb/v7e-m+fp/hard/crtbegin.o

.preinit_array  0x08003868        0x0
                0x08003868                        PROVIDE (__preinit_array_start = .)
 *(.preinit_array*)
                0x08003868                        PROVIDE (__preinit_array_end = .)

.init_array     0x08003868        0x4
                0x08003868                        PROVIDE (__init_array_start = .)
 *(SORT_BY_NAME(.init_array.*))
 *(.init_array*)
 .init_array    0x08003868        0x4 /Applications/ArmGNUToolchain/13.3.rel1/arm-none-eabi/bin/../lib/gcc/arm-none-eabi/13.3.1/thumb/v7e-m+fp/hard/crtbegin.o
                0x0800386c                        PROVIDE (__init_array_end = .)

.fini_array     0x0800386c        0x4
                [!provide]                        PROVIDE (__fini_array_start = .)
 *(SORT_BY_NAME(.fini_array.*))
 *(.fini_array*)
 .fini_array    0x0800386c        0x4 /Applications/ArmGNUToolchain/13.3.rel1/arm-none-eabi/bin/../lib/gcc/arm-none-eabi/13.3.1/thumb/v7e-m+fp/hard/crtbegin.o
                [!provide]                        PROVIDE (__fini_array_end = .)
                0x08003870                        _sidata = LOADADDR (.data)

.data           0x20000000        0xc load address 0x08003870
                0x20000000                        . = ALIGN (0x4)
                0x20000000                        _sdata = .
 *(.data)
 *(.data*)
 .data.uwTickPrio
                0x20000000        0x4 CMakeFiles/DBUS_receive.dir/Drivers/STM32F4xx_HAL_Driver/Src/stm32f4xx_hal.c.obj
                0x20000000                uwTickPrio
 .data.uwTickFreq
                0x20000004        0x1 CMakeFiles/DBUS_receive.dir/Drivers/STM32F4xx_HAL_Driver/Src/stm32f4xx_hal.c.obj
                0x20000004                uwTickFreq
 *fill*         0x20000005        0x3 
 .data.SystemCoreClock
                0x20000008        0x4 CMakeFiles/DBUS_receive.dir/Core/Src/system_stm32f4xx.c.obj
                0x20000008                SystemCoreClock
                0x2000000c                        . = ALIGN (0x4)
                0x2000000c                        _edata = .
                0x0800387c                        _siccmram = LOADADDR (.ccmram)

.tm_clone_table
                0x2000000c        0x0 load address 0x0800387c
 .tm_clone_table
                0x2000000c        0x0 /Applications/ArmGNUToolchain/13.3.rel1/arm-none-eabi/bin/../lib/gcc/arm-none-eabi/13.3.1/thumb/v7e-m+fp/hard/crtbegin.o
 .tm_clone_table
                0x2000000c        0x0 /Applications/ArmGNUToolchain/13.3.rel1/arm-none-eabi/bin/../lib/gcc/arm-none-eabi/13.3.1/thumb/v7e-m+fp/hard/crtend.o

.igot.plt       0x2000000c        0x0 load address 0x0800387c
 .igot.plt      0x2000000c        0x0 /Applications/ArmGNUToolchain/13.3.rel1/arm-none-eabi/bin/../lib/gcc/arm-none-eabi/13.3.1/thumb/v7e-m+fp/hard/crtbegin.o

.ccmram         0x10000000        0x0 load address 0x0800387c
                0x10000000                        . = ALIGN (0x4)
                0x10000000                        _sccmram = .
 *(.ccmram)
 *(.ccmram*)
                0x10000000                        . = ALIGN (0x4)
                0x10000000                        _eccmram = .
                0x10000000                        . = ALIGN (0x4)

.bss            0x2000000c      0x13c
                0x2000000c                        _sbss = .
                0x2000000c                        __bss_start__ = _sbss
 *(.bss)
 *(.bss*)
 .bss.completed.1
                0x2000000c        0x1 /Applications/ArmGNUToolchain/13.3.rel1/arm-none-eabi/bin/../lib/gcc/arm-none-eabi/13.3.1/thumb/v7e-m+fp/hard/crtbegin.o
 *fill*         0x2000000d        0x3 
 .bss.object.0  0x20000010       0x18 /Applications/ArmGNUToolchain/13.3.rel1/arm-none-eabi/bin/../lib/gcc/arm-none-eabi/13.3.1/thumb/v7e-m+fp/hard/crtbegin.o
 .bss.RC_CtrlData
                0x20000028       0x14 CMakeFiles/DBUS_receive.dir/Core/Src/rc.cpp.obj
                0x20000028                RC_CtrlData
 .bss.huart1    0x2000003c       0x48 CMakeFiles/DBUS_receive.dir/Core/Src/usart.c.obj
                0x2000003c                huart1
 .bss.hdma_usart1_rx
                0x20000084       0x60 CMakeFiles/DBUS_receive.dir/Core/Src/usart.c.obj
                0x20000084                hdma_usart1_rx
 .bss.hdma_usart1_tx
                0x200000e4       0x60 CMakeFiles/DBUS_receive.dir/Core/Src/usart.c.obj
                0x200000e4                hdma_usart1_tx
 .bss.uwTick    0x20000144        0x4 CMakeFiles/DBUS_receive.dir/Drivers/STM32F4xx_HAL_Driver/Src/stm32f4xx_hal.c.obj
                0x20000144                uwTick
 *(COMMON)
                0x20000148                        . = ALIGN (0x4)
                0x20000148                        _ebss = .
                0x20000148                        __bss_end__ = _ebss

._user_heap_stack
                0x20000148      0x600
                0x20000148                        . = ALIGN (0x8)
                [!provide]                        PROVIDE (end = .)
                0x20000148                        PROVIDE (_end = .)
                0x20000348                        . = (. + _Min_Heap_Size)
 *fill*         0x20000148      0x200 
                0x20000748                        . = (. + _Min_Stack_Size)
 *fill*         0x20000348      0x400 
                0x20000748                        . = ALIGN (0x8)

/DISCARD/
 libc.a(*)
 libm.a(*)
 libgcc.a(*)

.ARM.attributes
                0x00000000       0x30
 *(.ARM.attributes)
 .ARM.attributes
                0x00000000       0x22 /Applications/ArmGNUToolchain/13.3.rel1/arm-none-eabi/bin/../lib/gcc/arm-none-eabi/13.3.1/thumb/v7e-m+fp/hard/crti.o
 .ARM.attributes
                0x00000022       0x34 /Applications/ArmGNUToolchain/13.3.rel1/arm-none-eabi/bin/../lib/gcc/arm-none-eabi/13.3.1/thumb/v7e-m+fp/hard/crtbegin.o
 .ARM.attributes
                0x00000056       0x34 CMakeFiles/DBUS_receive.dir/Core/Src/callback.cpp.obj
 .ARM.attributes
                0x0000008a       0x34 CMakeFiles/DBUS_receive.dir/Core/Src/rc.cpp.obj
 .ARM.attributes
                0x000000be       0x34 CMakeFiles/DBUS_receive.dir/Core/Src/main.c.obj
 .ARM.attributes
                0x000000f2       0x34 CMakeFiles/DBUS_receive.dir/Core/Src/gpio.c.obj
 .ARM.attributes
                0x00000126       0x34 CMakeFiles/DBUS_receive.dir/Core/Src/dma.c.obj
 .ARM.attributes
                0x0000015a       0x34 CMakeFiles/DBUS_receive.dir/Core/Src/usart.c.obj
 .ARM.attributes
                0x0000018e       0x34 CMakeFiles/DBUS_receive.dir/Core/Src/stm32f4xx_it.c.obj
 .ARM.attributes
                0x000001c2       0x34 CMakeFiles/DBUS_receive.dir/Core/Src/stm32f4xx_hal_msp.c.obj
 .ARM.attributes
                0x000001f6       0x34 CMakeFiles/DBUS_receive.dir/Drivers/STM32F4xx_HAL_Driver/Src/stm32f4xx_hal_uart.c.obj
 .ARM.attributes
                0x0000022a       0x34 CMakeFiles/DBUS_receive.dir/Drivers/STM32F4xx_HAL_Driver/Src/stm32f4xx_hal_rcc.c.obj
 .ARM.attributes
                0x0000025e       0x34 CMakeFiles/DBUS_receive.dir/Drivers/STM32F4xx_HAL_Driver/Src/stm32f4xx_hal_gpio.c.obj
 .ARM.attributes
                0x00000292       0x34 CMakeFiles/DBUS_receive.dir/Drivers/STM32F4xx_HAL_Driver/Src/stm32f4xx_hal_dma.c.obj
 .ARM.attributes
                0x000002c6       0x34 CMakeFiles/DBUS_receive.dir/Drivers/STM32F4xx_HAL_Driver/Src/stm32f4xx_hal_pwr_ex.c.obj
 .ARM.attributes
                0x000002fa       0x34 CMakeFiles/DBUS_receive.dir/Drivers/STM32F4xx_HAL_Driver/Src/stm32f4xx_hal_cortex.c.obj
 .ARM.attributes
                0x0000032e       0x34 CMakeFiles/DBUS_receive.dir/Drivers/STM32F4xx_HAL_Driver/Src/stm32f4xx_hal.c.obj
 .ARM.attributes
                0x00000362       0x34 CMakeFiles/DBUS_receive.dir/Core/Src/system_stm32f4xx.c.obj
 .ARM.attributes
                0x00000396       0x21 CMakeFiles/DBUS_receive.dir/startup_stm32f427xx.s.obj
 .ARM.attributes
                0x000003b7       0x34 /Applications/ArmGNUToolchain/13.3.rel1/arm-none-eabi/bin/../lib/gcc/arm-none-eabi/13.3.1/../../../../arm-none-eabi/lib/thumb/v7e-m+fp/hard/libc_nano.a(libc_a-memset.o)
 .ARM.attributes
                0x000003eb       0x34 /Applications/ArmGNUToolchain/13.3.rel1/arm-none-eabi/bin/../lib/gcc/arm-none-eabi/13.3.1/../../../../arm-none-eabi/lib/thumb/v7e-m+fp/hard/libc_nano.a(libc_a-init.o)
 .ARM.attributes
                0x0000041f       0x22 /Applications/ArmGNUToolchain/13.3.rel1/arm-none-eabi/bin/../lib/gcc/arm-none-eabi/13.3.1/thumb/v7e-m+fp/hard/libgcc.a(_aeabi_uldivmod.o)
 .ARM.attributes
                0x00000441       0x34 /Applications/ArmGNUToolchain/13.3.rel1/arm-none-eabi/bin/../lib/gcc/arm-none-eabi/13.3.1/thumb/v7e-m+fp/hard/libgcc.a(_udivmoddi4.o)
 .ARM.attributes
                0x00000475       0x22 /Applications/ArmGNUToolchain/13.3.rel1/arm-none-eabi/bin/../lib/gcc/arm-none-eabi/13.3.1/thumb/v7e-m+fp/hard/libgcc.a(_dvmd_tls.o)
 .ARM.attributes
                0x00000497       0x34 /Applications/ArmGNUToolchain/13.3.rel1/arm-none-eabi/bin/../lib/gcc/arm-none-eabi/13.3.1/thumb/v7e-m+fp/hard/crtend.o
 .ARM.attributes
                0x000004cb       0x22 /Applications/ArmGNUToolchain/13.3.rel1/arm-none-eabi/bin/../lib/gcc/arm-none-eabi/13.3.1/thumb/v7e-m+fp/hard/crtn.o
OUTPUT(DBUS_receive.elf elf32-littlearm)
LOAD linker stubs
LOAD /Applications/ArmGNUToolchain/13.3.rel1/arm-none-eabi/bin/../lib/gcc/arm-none-eabi/13.3.1/../../../../arm-none-eabi/lib/thumb/v7e-m+fp/hard/libc.a
LOAD /Applications/ArmGNUToolchain/13.3.rel1/arm-none-eabi/bin/../lib/gcc/arm-none-eabi/13.3.1/../../../../arm-none-eabi/lib/thumb/v7e-m+fp/hard/libm.a
LOAD /Applications/ArmGNUToolchain/13.3.rel1/arm-none-eabi/bin/../lib/gcc/arm-none-eabi/13.3.1/thumb/v7e-m+fp/hard/libgcc.a

.debug_info     0x00000000     0x9c07
 .debug_info    0x00000000      0x671 CMakeFiles/DBUS_receive.dir/Core/Src/callback.cpp.obj
 .debug_info    0x00000671      0x39f CMakeFiles/DBUS_receive.dir/Core/Src/rc.cpp.obj
 .debug_info    0x00000a10      0x9f8 CMakeFiles/DBUS_receive.dir/Core/Src/main.c.obj
 .debug_info    0x00001408      0x29c CMakeFiles/DBUS_receive.dir/Core/Src/gpio.c.obj
 .debug_info    0x000016a4      0x4ef CMakeFiles/DBUS_receive.dir/Core/Src/dma.c.obj
 .debug_info    0x00001b93      0xc1a CMakeFiles/DBUS_receive.dir/Core/Src/usart.c.obj
 .debug_info    0x000027ad      0x681 CMakeFiles/DBUS_receive.dir/Core/Src/stm32f4xx_it.c.obj
 .debug_info    0x00002e2e      0x281 CMakeFiles/DBUS_receive.dir/Core/Src/stm32f4xx_hal_msp.c.obj
 .debug_info    0x000030af     0x2f4f CMakeFiles/DBUS_receive.dir/Drivers/STM32F4xx_HAL_Driver/Src/stm32f4xx_hal_uart.c.obj
 .debug_info    0x00005ffe      0x8c7 CMakeFiles/DBUS_receive.dir/Drivers/STM32F4xx_HAL_Driver/Src/stm32f4xx_hal_rcc.c.obj
 .debug_info    0x000068c5      0x6db CMakeFiles/DBUS_receive.dir/Drivers/STM32F4xx_HAL_Driver/Src/stm32f4xx_hal_gpio.c.obj
 .debug_info    0x00006fa0      0x8e7 CMakeFiles/DBUS_receive.dir/Drivers/STM32F4xx_HAL_Driver/Src/stm32f4xx_hal_dma.c.obj
 .debug_info    0x00007887      0x6be CMakeFiles/DBUS_receive.dir/Drivers/STM32F4xx_HAL_Driver/Src/stm32f4xx_hal_pwr_ex.c.obj
 .debug_info    0x00007f45      0xdb6 CMakeFiles/DBUS_receive.dir/Drivers/STM32F4xx_HAL_Driver/Src/stm32f4xx_hal_cortex.c.obj
 .debug_info    0x00008cfb      0x9ae CMakeFiles/DBUS_receive.dir/Drivers/STM32F4xx_HAL_Driver/Src/stm32f4xx_hal.c.obj
 .debug_info    0x000096a9      0x52e CMakeFiles/DBUS_receive.dir/Core/Src/system_stm32f4xx.c.obj
 .debug_info    0x00009bd7       0x30 CMakeFiles/DBUS_receive.dir/startup_stm32f427xx.s.obj

.debug_abbrev   0x00000000     0x1d97
 .debug_abbrev  0x00000000      0x19b CMakeFiles/DBUS_receive.dir/Core/Src/callback.cpp.obj
 .debug_abbrev  0x0000019b      0x14a CMakeFiles/DBUS_receive.dir/Core/Src/rc.cpp.obj
 .debug_abbrev  0x000002e5      0x215 CMakeFiles/DBUS_receive.dir/Core/Src/main.c.obj
 .debug_abbrev  0x000004fa       0xd8 CMakeFiles/DBUS_receive.dir/Core/Src/gpio.c.obj
 .debug_abbrev  0x000005d2      0x10e CMakeFiles/DBUS_receive.dir/Core/Src/dma.c.obj
 .debug_abbrev  0x000006e0      0x22e CMakeFiles/DBUS_receive.dir/Core/Src/usart.c.obj
 .debug_abbrev  0x0000090e      0x176 CMakeFiles/DBUS_receive.dir/Core/Src/stm32f4xx_it.c.obj
 .debug_abbrev  0x00000a84       0xd8 CMakeFiles/DBUS_receive.dir/Core/Src/stm32f4xx_hal_msp.c.obj
 .debug_abbrev  0x00000b5c      0x30e CMakeFiles/DBUS_receive.dir/Drivers/STM32F4xx_HAL_Driver/Src/stm32f4xx_hal_uart.c.obj
 .debug_abbrev  0x00000e6a      0x2b7 CMakeFiles/DBUS_receive.dir/Drivers/STM32F4xx_HAL_Driver/Src/stm32f4xx_hal_rcc.c.obj
 .debug_abbrev  0x00001121      0x1d4 CMakeFiles/DBUS_receive.dir/Drivers/STM32F4xx_HAL_Driver/Src/stm32f4xx_hal_gpio.c.obj
 .debug_abbrev  0x000012f5      0x264 CMakeFiles/DBUS_receive.dir/Drivers/STM32F4xx_HAL_Driver/Src/stm32f4xx_hal_dma.c.obj
 .debug_abbrev  0x00001559      0x1cf CMakeFiles/DBUS_receive.dir/Drivers/STM32F4xx_HAL_Driver/Src/stm32f4xx_hal_pwr_ex.c.obj
 .debug_abbrev  0x00001728      0x31d CMakeFiles/DBUS_receive.dir/Drivers/STM32F4xx_HAL_Driver/Src/stm32f4xx_hal_cortex.c.obj
 .debug_abbrev  0x00001a45      0x214 CMakeFiles/DBUS_receive.dir/Drivers/STM32F4xx_HAL_Driver/Src/stm32f4xx_hal.c.obj
 .debug_abbrev  0x00001c59      0x11a CMakeFiles/DBUS_receive.dir/Core/Src/system_stm32f4xx.c.obj
 .debug_abbrev  0x00001d73       0x24 CMakeFiles/DBUS_receive.dir/startup_stm32f427xx.s.obj

.debug_aranges  0x00000000      0x7d8
 .debug_aranges
                0x00000000       0x20 CMakeFiles/DBUS_receive.dir/Core/Src/callback.cpp.obj
 .debug_aranges
                0x00000020       0x28 CMakeFiles/DBUS_receive.dir/Core/Src/rc.cpp.obj
 .debug_aranges
                0x00000048       0x30 CMakeFiles/DBUS_receive.dir/Core/Src/main.c.obj
 .debug_aranges
                0x00000078       0x20 CMakeFiles/DBUS_receive.dir/Core/Src/gpio.c.obj
 .debug_aranges
                0x00000098       0x20 CMakeFiles/DBUS_receive.dir/Core/Src/dma.c.obj
 .debug_aranges
                0x000000b8       0x30 CMakeFiles/DBUS_receive.dir/Core/Src/usart.c.obj
 .debug_aranges
                0x000000e8       0x78 CMakeFiles/DBUS_receive.dir/Core/Src/stm32f4xx_it.c.obj
 .debug_aranges
                0x00000160       0x20 CMakeFiles/DBUS_receive.dir/Core/Src/stm32f4xx_hal_msp.c.obj
 .debug_aranges
                0x00000180      0x208 CMakeFiles/DBUS_receive.dir/Drivers/STM32F4xx_HAL_Driver/Src/stm32f4xx_hal_uart.c.obj
 .debug_aranges
                0x00000388       0x88 CMakeFiles/DBUS_receive.dir/Drivers/STM32F4xx_HAL_Driver/Src/stm32f4xx_hal_rcc.c.obj
 .debug_aranges
                0x00000410       0x58 CMakeFiles/DBUS_receive.dir/Drivers/STM32F4xx_HAL_Driver/Src/stm32f4xx_hal_gpio.c.obj
 .debug_aranges
                0x00000468       0x90 CMakeFiles/DBUS_receive.dir/Drivers/STM32F4xx_HAL_Driver/Src/stm32f4xx_hal_dma.c.obj
 .debug_aranges
                0x000004f8       0x60 CMakeFiles/DBUS_receive.dir/Drivers/STM32F4xx_HAL_Driver/Src/stm32f4xx_hal_pwr_ex.c.obj
 .debug_aranges
                0x00000558      0x130 CMakeFiles/DBUS_receive.dir/Drivers/STM32F4xx_HAL_Driver/Src/stm32f4xx_hal_cortex.c.obj
 .debug_aranges
                0x00000688      0x100 CMakeFiles/DBUS_receive.dir/Drivers/STM32F4xx_HAL_Driver/Src/stm32f4xx_hal.c.obj
 .debug_aranges
                0x00000788       0x28 CMakeFiles/DBUS_receive.dir/Core/Src/system_stm32f4xx.c.obj
 .debug_aranges
                0x000007b0       0x28 CMakeFiles/DBUS_receive.dir/startup_stm32f427xx.s.obj

.debug_rnglists
                0x00000000      0x5e1
 .debug_rnglists
                0x00000000       0x13 CMakeFiles/DBUS_receive.dir/Core/Src/callback.cpp.obj
 .debug_rnglists
                0x00000013       0x1a CMakeFiles/DBUS_receive.dir/Core/Src/rc.cpp.obj
 .debug_rnglists
                0x0000002d       0x20 CMakeFiles/DBUS_receive.dir/Core/Src/main.c.obj
 .debug_rnglists
                0x0000004d       0x13 CMakeFiles/DBUS_receive.dir/Core/Src/gpio.c.obj
 .debug_rnglists
                0x00000060       0x13 CMakeFiles/DBUS_receive.dir/Core/Src/dma.c.obj
 .debug_rnglists
                0x00000073       0x20 CMakeFiles/DBUS_receive.dir/Core/Src/usart.c.obj
 .debug_rnglists
                0x00000093       0x55 CMakeFiles/DBUS_receive.dir/Core/Src/stm32f4xx_it.c.obj
 .debug_rnglists
                0x000000e8       0x13 CMakeFiles/DBUS_receive.dir/Core/Src/stm32f4xx_hal_msp.c.obj
 .debug_rnglists
                0x000000fb      0x1bc CMakeFiles/DBUS_receive.dir/Drivers/STM32F4xx_HAL_Driver/Src/stm32f4xx_hal_uart.c.obj
 .debug_rnglists
                0x000002b7       0x66 CMakeFiles/DBUS_receive.dir/Drivers/STM32F4xx_HAL_Driver/Src/stm32f4xx_hal_rcc.c.obj
 .debug_rnglists
                0x0000031d       0x3f CMakeFiles/DBUS_receive.dir/Drivers/STM32F4xx_HAL_Driver/Src/stm32f4xx_hal_gpio.c.obj
 .debug_rnglists
                0x0000035c       0x70 CMakeFiles/DBUS_receive.dir/Drivers/STM32F4xx_HAL_Driver/Src/stm32f4xx_hal_dma.c.obj
 .debug_rnglists
                0x000003cc       0x47 CMakeFiles/DBUS_receive.dir/Drivers/STM32F4xx_HAL_Driver/Src/stm32f4xx_hal_pwr_ex.c.obj
 .debug_rnglists
                0x00000413       0xe0 CMakeFiles/DBUS_receive.dir/Drivers/STM32F4xx_HAL_Driver/Src/stm32f4xx_hal_cortex.c.obj
 .debug_rnglists
                0x000004f3       0xbb CMakeFiles/DBUS_receive.dir/Drivers/STM32F4xx_HAL_Driver/Src/stm32f4xx_hal.c.obj
 .debug_rnglists
                0x000005ae       0x1a CMakeFiles/DBUS_receive.dir/Core/Src/system_stm32f4xx.c.obj
 .debug_rnglists
                0x000005c8       0x19 CMakeFiles/DBUS_receive.dir/startup_stm32f427xx.s.obj

.debug_macro    0x00000000    0x23db8
 .debug_macro   0x00000000      0x1e1 CMakeFiles/DBUS_receive.dir/Core/Src/callback.cpp.obj
 .debug_macro   0x000001e1      0xc16 CMakeFiles/DBUS_receive.dir/Core/Src/callback.cpp.obj
 .debug_macro   0x00000df7      0x295 CMakeFiles/DBUS_receive.dir/Core/Src/callback.cpp.obj
 .debug_macro   0x0000108c       0x2e CMakeFiles/DBUS_receive.dir/Core/Src/callback.cpp.obj
 .debug_macro   0x000010ba       0x28 CMakeFiles/DBUS_receive.dir/Core/Src/callback.cpp.obj
 .debug_macro   0x000010e2       0x1c CMakeFiles/DBUS_receive.dir/Core/Src/callback.cpp.obj
 .debug_macro   0x000010fe       0x22 CMakeFiles/DBUS_receive.dir/Core/Src/callback.cpp.obj
 .debug_macro   0x00001120       0x8e CMakeFiles/DBUS_receive.dir/Core/Src/callback.cpp.obj
 .debug_macro   0x000011ae       0x51 CMakeFiles/DBUS_receive.dir/Core/Src/callback.cpp.obj
 .debug_macro   0x000011ff      0x103 CMakeFiles/DBUS_receive.dir/Core/Src/callback.cpp.obj
 .debug_macro   0x00001302       0x6a CMakeFiles/DBUS_receive.dir/Core/Src/callback.cpp.obj
 .debug_macro   0x0000136c      0x1df CMakeFiles/DBUS_receive.dir/Core/Src/callback.cpp.obj
 .debug_macro   0x0000154b       0x1c CMakeFiles/DBUS_receive.dir/Core/Src/callback.cpp.obj
 .debug_macro   0x00001567       0x22 CMakeFiles/DBUS_receive.dir/Core/Src/callback.cpp.obj
 .debug_macro   0x00001589       0xfb CMakeFiles/DBUS_receive.dir/Core/Src/callback.cpp.obj
 .debug_macro   0x00001684     0x1011 CMakeFiles/DBUS_receive.dir/Core/Src/callback.cpp.obj
 .debug_macro   0x00002695      0x11f CMakeFiles/DBUS_receive.dir/Core/Src/callback.cpp.obj
 .debug_macro   0x000027b4    0x178b5 CMakeFiles/DBUS_receive.dir/Core/Src/callback.cpp.obj
 .debug_macro   0x0001a069       0x6d CMakeFiles/DBUS_receive.dir/Core/Src/callback.cpp.obj
 .debug_macro   0x0001a0d6     0x3711 CMakeFiles/DBUS_receive.dir/Core/Src/callback.cpp.obj
 .debug_macro   0x0001d7e7      0x197 CMakeFiles/DBUS_receive.dir/Core/Src/callback.cpp.obj
 .debug_macro   0x0001d97e       0x5c CMakeFiles/DBUS_receive.dir/Core/Src/callback.cpp.obj
 .debug_macro   0x0001d9da      0xc82 CMakeFiles/DBUS_receive.dir/Core/Src/callback.cpp.obj
 .debug_macro   0x0001e65c      0x9e9 CMakeFiles/DBUS_receive.dir/Core/Src/callback.cpp.obj
 .debug_macro   0x0001f045      0x115 CMakeFiles/DBUS_receive.dir/Core/Src/callback.cpp.obj
 .debug_macro   0x0001f15a      0x16f CMakeFiles/DBUS_receive.dir/Core/Src/callback.cpp.obj
 .debug_macro   0x0001f2c9       0xa5 CMakeFiles/DBUS_receive.dir/Core/Src/callback.cpp.obj
 .debug_macro   0x0001f36e      0x182 CMakeFiles/DBUS_receive.dir/Core/Src/callback.cpp.obj
 .debug_macro   0x0001f4f0      0x287 CMakeFiles/DBUS_receive.dir/Core/Src/callback.cpp.obj
 .debug_macro   0x0001f777       0x5f CMakeFiles/DBUS_receive.dir/Core/Src/callback.cpp.obj
 .debug_macro   0x0001f7d6      0x236 CMakeFiles/DBUS_receive.dir/Core/Src/callback.cpp.obj
 .debug_macro   0x0001fa0c      0x132 CMakeFiles/DBUS_receive.dir/Core/Src/callback.cpp.obj
 .debug_macro   0x0001fb3e      0x41d CMakeFiles/DBUS_receive.dir/Core/Src/callback.cpp.obj
 .debug_macro   0x0001ff5b       0x2e CMakeFiles/DBUS_receive.dir/Core/Src/callback.cpp.obj
 .debug_macro   0x0001ff89      0x127 CMakeFiles/DBUS_receive.dir/Core/Src/callback.cpp.obj
 .debug_macro   0x000200b0       0xe2 CMakeFiles/DBUS_receive.dir/Core/Src/callback.cpp.obj
 .debug_macro   0x00020192       0x89 CMakeFiles/DBUS_receive.dir/Core/Src/callback.cpp.obj
 .debug_macro   0x0002021b      0x2aa CMakeFiles/DBUS_receive.dir/Core/Src/callback.cpp.obj
 .debug_macro   0x000204c5      0x134 CMakeFiles/DBUS_receive.dir/Core/Src/callback.cpp.obj
 .debug_macro   0x000205f9      0x1eb CMakeFiles/DBUS_receive.dir/Core/Src/rc.cpp.obj
 .debug_macro   0x000207e4      0x1e6 CMakeFiles/DBUS_receive.dir/Core/Src/main.c.obj
 .debug_macro   0x000209ca      0xad8 CMakeFiles/DBUS_receive.dir/Core/Src/main.c.obj
 .debug_macro   0x000214a2     0x1011 CMakeFiles/DBUS_receive.dir/Core/Src/main.c.obj
 .debug_macro   0x000224b3      0x190 CMakeFiles/DBUS_receive.dir/Core/Src/main.c.obj
 .debug_macro   0x00022643      0x1ce CMakeFiles/DBUS_receive.dir/Core/Src/gpio.c.obj
 .debug_macro   0x00022811      0x1ce CMakeFiles/DBUS_receive.dir/Core/Src/dma.c.obj
 .debug_macro   0x000229df      0x1ce CMakeFiles/DBUS_receive.dir/Core/Src/usart.c.obj
 .debug_macro   0x00022bad      0x1ce CMakeFiles/DBUS_receive.dir/Core/Src/stm32f4xx_it.c.obj
 .debug_macro   0x00022d7b      0x1c4 CMakeFiles/DBUS_receive.dir/Core/Src/stm32f4xx_hal_msp.c.obj
 .debug_macro   0x00022f3f      0x1bb CMakeFiles/DBUS_receive.dir/Drivers/STM32F4xx_HAL_Driver/Src/stm32f4xx_hal_uart.c.obj
 .debug_macro   0x000230fa      0x1de CMakeFiles/DBUS_receive.dir/Drivers/STM32F4xx_HAL_Driver/Src/stm32f4xx_hal_rcc.c.obj
 .debug_macro   0x000232d8      0x1c0 CMakeFiles/DBUS_receive.dir/Drivers/STM32F4xx_HAL_Driver/Src/stm32f4xx_hal_gpio.c.obj
 .debug_macro   0x00023498      0x1c0 CMakeFiles/DBUS_receive.dir/Drivers/STM32F4xx_HAL_Driver/Src/stm32f4xx_hal_dma.c.obj
 .debug_macro   0x00023658      0x1d2 CMakeFiles/DBUS_receive.dir/Drivers/STM32F4xx_HAL_Driver/Src/stm32f4xx_hal_pwr_ex.c.obj
 .debug_macro   0x0002382a      0x1ba CMakeFiles/DBUS_receive.dir/Drivers/STM32F4xx_HAL_Driver/Src/stm32f4xx_hal_cortex.c.obj
 .debug_macro   0x000239e4      0x21a CMakeFiles/DBUS_receive.dir/Drivers/STM32F4xx_HAL_Driver/Src/stm32f4xx_hal.c.obj
 .debug_macro   0x00023bfe      0x1ba CMakeFiles/DBUS_receive.dir/Core/Src/system_stm32f4xx.c.obj

.debug_line     0x00000000     0xa8a4
 .debug_line    0x00000000      0x6b1 CMakeFiles/DBUS_receive.dir/Core/Src/callback.cpp.obj
 .debug_line    0x000006b1      0x798 CMakeFiles/DBUS_receive.dir/Core/Src/rc.cpp.obj
 .debug_line    0x00000e49      0x70c CMakeFiles/DBUS_receive.dir/Core/Src/main.c.obj
 .debug_line    0x00001555      0x66a CMakeFiles/DBUS_receive.dir/Core/Src/gpio.c.obj
 .debug_line    0x00001bbf      0x66a CMakeFiles/DBUS_receive.dir/Core/Src/dma.c.obj
 .debug_line    0x00002229      0x733 CMakeFiles/DBUS_receive.dir/Core/Src/usart.c.obj
 .debug_line    0x0000295c      0x763 CMakeFiles/DBUS_receive.dir/Core/Src/stm32f4xx_it.c.obj
 .debug_line    0x000030bf      0x66d CMakeFiles/DBUS_receive.dir/Core/Src/stm32f4xx_hal_msp.c.obj
 .debug_line    0x0000372c     0x246d CMakeFiles/DBUS_receive.dir/Drivers/STM32F4xx_HAL_Driver/Src/stm32f4xx_hal_uart.c.obj
 .debug_line    0x00005b99      0xd6b CMakeFiles/DBUS_receive.dir/Drivers/STM32F4xx_HAL_Driver/Src/stm32f4xx_hal_rcc.c.obj
 .debug_line    0x00006904      0xade CMakeFiles/DBUS_receive.dir/Drivers/STM32F4xx_HAL_Driver/Src/stm32f4xx_hal_gpio.c.obj
 .debug_line    0x000073e2      0xeca CMakeFiles/DBUS_receive.dir/Drivers/STM32F4xx_HAL_Driver/Src/stm32f4xx_hal_dma.c.obj
 .debug_line    0x000082ac      0x8cb CMakeFiles/DBUS_receive.dir/Drivers/STM32F4xx_HAL_Driver/Src/stm32f4xx_hal_pwr_ex.c.obj
 .debug_line    0x00008b77      0xc2e CMakeFiles/DBUS_receive.dir/Drivers/STM32F4xx_HAL_Driver/Src/stm32f4xx_hal_cortex.c.obj
 .debug_line    0x000097a5      0x994 CMakeFiles/DBUS_receive.dir/Drivers/STM32F4xx_HAL_Driver/Src/stm32f4xx_hal.c.obj
 .debug_line    0x0000a139      0x6f1 CMakeFiles/DBUS_receive.dir/Core/Src/system_stm32f4xx.c.obj
 .debug_line    0x0000a82a       0x7a CMakeFiles/DBUS_receive.dir/startup_stm32f427xx.s.obj

.debug_str      0x00000000    0xcc86e
 .debug_str     0x00000000    0xcc86e CMakeFiles/DBUS_receive.dir/Core/Src/callback.cpp.obj
                              0xca33d (size before relaxing)
 .debug_str     0x000cc86e    0xc9f8b CMakeFiles/DBUS_receive.dir/Core/Src/rc.cpp.obj
 .debug_str     0x000cc86e    0xc9e72 CMakeFiles/DBUS_receive.dir/Core/Src/main.c.obj
 .debug_str     0x000cc86e    0xc97d1 CMakeFiles/DBUS_receive.dir/Core/Src/gpio.c.obj
 .debug_str     0x000cc86e    0xc9d3b CMakeFiles/DBUS_receive.dir/Core/Src/dma.c.obj
 .debug_str     0x000cc86e    0xca314 CMakeFiles/DBUS_receive.dir/Core/Src/usart.c.obj
 .debug_str     0x000cc86e    0xc9c55 CMakeFiles/DBUS_receive.dir/Core/Src/stm32f4xx_it.c.obj
 .debug_str     0x000cc86e    0xc97d1 CMakeFiles/DBUS_receive.dir/Core/Src/stm32f4xx_hal_msp.c.obj
 .debug_str     0x000cc86e    0xca283 CMakeFiles/DBUS_receive.dir/Drivers/STM32F4xx_HAL_Driver/Src/stm32f4xx_hal_uart.c.obj
 .debug_str     0x000cc86e    0xc9cb5 CMakeFiles/DBUS_receive.dir/Drivers/STM32F4xx_HAL_Driver/Src/stm32f4xx_hal_rcc.c.obj
 .debug_str     0x000cc86e    0xc99fc CMakeFiles/DBUS_receive.dir/Drivers/STM32F4xx_HAL_Driver/Src/stm32f4xx_hal_gpio.c.obj
 .debug_str     0x000cc86e    0xc9c88 CMakeFiles/DBUS_receive.dir/Drivers/STM32F4xx_HAL_Driver/Src/stm32f4xx_hal_dma.c.obj
 .debug_str     0x000cc86e    0xc9a59 CMakeFiles/DBUS_receive.dir/Drivers/STM32F4xx_HAL_Driver/Src/stm32f4xx_hal_pwr_ex.c.obj
 .debug_str     0x000cc86e    0xca1bb CMakeFiles/DBUS_receive.dir/Drivers/STM32F4xx_HAL_Driver/Src/stm32f4xx_hal_cortex.c.obj
 .debug_str     0x000cc86e    0xca48d CMakeFiles/DBUS_receive.dir/Drivers/STM32F4xx_HAL_Driver/Src/stm32f4xx_hal.c.obj
 .debug_str     0x000cc86e    0xc9881 CMakeFiles/DBUS_receive.dir/Core/Src/system_stm32f4xx.c.obj
 .debug_str     0x000cc86e       0x98 CMakeFiles/DBUS_receive.dir/startup_stm32f427xx.s.obj

.comment        0x00000000       0x45
 .comment       0x00000000       0x45 CMakeFiles/DBUS_receive.dir/Core/Src/callback.cpp.obj
                                 0x46 (size before relaxing)
 .comment       0x00000045       0x46 CMakeFiles/DBUS_receive.dir/Core/Src/rc.cpp.obj
 .comment       0x00000045       0x46 CMakeFiles/DBUS_receive.dir/Core/Src/main.c.obj
 .comment       0x00000045       0x46 CMakeFiles/DBUS_receive.dir/Core/Src/gpio.c.obj
 .comment       0x00000045       0x46 CMakeFiles/DBUS_receive.dir/Core/Src/dma.c.obj
 .comment       0x00000045       0x46 CMakeFiles/DBUS_receive.dir/Core/Src/usart.c.obj
 .comment       0x00000045       0x46 CMakeFiles/DBUS_receive.dir/Core/Src/stm32f4xx_it.c.obj
 .comment       0x00000045       0x46 CMakeFiles/DBUS_receive.dir/Core/Src/stm32f4xx_hal_msp.c.obj
 .comment       0x00000045       0x46 CMakeFiles/DBUS_receive.dir/Drivers/STM32F4xx_HAL_Driver/Src/stm32f4xx_hal_uart.c.obj
 .comment       0x00000045       0x46 CMakeFiles/DBUS_receive.dir/Drivers/STM32F4xx_HAL_Driver/Src/stm32f4xx_hal_rcc.c.obj
 .comment       0x00000045       0x46 CMakeFiles/DBUS_receive.dir/Drivers/STM32F4xx_HAL_Driver/Src/stm32f4xx_hal_gpio.c.obj
 .comment       0x00000045       0x46 CMakeFiles/DBUS_receive.dir/Drivers/STM32F4xx_HAL_Driver/Src/stm32f4xx_hal_dma.c.obj
 .comment       0x00000045       0x46 CMakeFiles/DBUS_receive.dir/Drivers/STM32F4xx_HAL_Driver/Src/stm32f4xx_hal_pwr_ex.c.obj
 .comment       0x00000045       0x46 CMakeFiles/DBUS_receive.dir/Drivers/STM32F4xx_HAL_Driver/Src/stm32f4xx_hal_cortex.c.obj
 .comment       0x00000045       0x46 CMakeFiles/DBUS_receive.dir/Drivers/STM32F4xx_HAL_Driver/Src/stm32f4xx_hal.c.obj
 .comment       0x00000045       0x46 CMakeFiles/DBUS_receive.dir/Core/Src/system_stm32f4xx.c.obj

.debug_frame    0x00000000     0x1d5c
 .debug_frame   0x00000000       0x34 CMakeFiles/DBUS_receive.dir/Core/Src/callback.cpp.obj
 .debug_frame   0x00000034       0x60 CMakeFiles/DBUS_receive.dir/Core/Src/rc.cpp.obj
 .debug_frame   0x00000094       0x68 CMakeFiles/DBUS_receive.dir/Core/Src/main.c.obj
 .debug_frame   0x000000fc       0x38 CMakeFiles/DBUS_receive.dir/Core/Src/gpio.c.obj
 .debug_frame   0x00000134       0x34 CMakeFiles/DBUS_receive.dir/Core/Src/dma.c.obj
 .debug_frame   0x00000168       0x74 CMakeFiles/DBUS_receive.dir/Core/Src/usart.c.obj
 .debug_frame   0x000001dc      0x158 CMakeFiles/DBUS_receive.dir/Core/Src/stm32f4xx_it.c.obj
 .debug_frame   0x00000334       0x38 CMakeFiles/DBUS_receive.dir/Core/Src/stm32f4xx_hal_msp.c.obj
 .debug_frame   0x0000036c      0x954 CMakeFiles/DBUS_receive.dir/Drivers/STM32F4xx_HAL_Driver/Src/stm32f4xx_hal_uart.c.obj
 .debug_frame   0x00000cc0      0x1f4 CMakeFiles/DBUS_receive.dir/Drivers/STM32F4xx_HAL_Driver/Src/stm32f4xx_hal_rcc.c.obj
 .debug_frame   0x00000eb4      0x14c CMakeFiles/DBUS_receive.dir/Drivers/STM32F4xx_HAL_Driver/Src/stm32f4xx_hal_gpio.c.obj
 .debug_frame   0x00001000      0x250 CMakeFiles/DBUS_receive.dir/Drivers/STM32F4xx_HAL_Driver/Src/stm32f4xx_hal_dma.c.obj
 .debug_frame   0x00001250      0x14c CMakeFiles/DBUS_receive.dir/Drivers/STM32F4xx_HAL_Driver/Src/stm32f4xx_hal_pwr_ex.c.obj
 .debug_frame   0x0000139c      0x508 CMakeFiles/DBUS_receive.dir/Drivers/STM32F4xx_HAL_Driver/Src/stm32f4xx_hal_cortex.c.obj
 .debug_frame   0x000018a4      0x3b4 CMakeFiles/DBUS_receive.dir/Drivers/STM32F4xx_HAL_Driver/Src/stm32f4xx_hal.c.obj
 .debug_frame   0x00001c58       0x58 CMakeFiles/DBUS_receive.dir/Core/Src/system_stm32f4xx.c.obj
 .debug_frame   0x00001cb0       0x20 /Applications/ArmGNUToolchain/13.3.rel1/arm-none-eabi/bin/../lib/gcc/arm-none-eabi/13.3.1/../../../../arm-none-eabi/lib/thumb/v7e-m+fp/hard/libc_nano.a(libc_a-memset.o)
 .debug_frame   0x00001cd0       0x2c /Applications/ArmGNUToolchain/13.3.rel1/arm-none-eabi/bin/../lib/gcc/arm-none-eabi/13.3.1/../../../../arm-none-eabi/lib/thumb/v7e-m+fp/hard/libc_nano.a(libc_a-init.o)
 .debug_frame   0x00001cfc       0x2c /Applications/ArmGNUToolchain/13.3.rel1/arm-none-eabi/bin/../lib/gcc/arm-none-eabi/13.3.1/thumb/v7e-m+fp/hard/libgcc.a(_aeabi_uldivmod.o)
 .debug_frame   0x00001d28       0x34 /Applications/ArmGNUToolchain/13.3.rel1/arm-none-eabi/bin/../lib/gcc/arm-none-eabi/13.3.1/thumb/v7e-m+fp/hard/libgcc.a(_udivmoddi4.o)

.debug_line_str
                0x00000000      0x15a
 .debug_line_str
                0x00000000      0x15a CMakeFiles/DBUS_receive.dir/startup_stm32f427xx.s.obj
                                 0x7c (size before relaxing)
 .debug_line_str
                0x0000015a       0xd2 /Applications/ArmGNUToolchain/13.3.rel1/arm-none-eabi/bin/../lib/gcc/arm-none-eabi/13.3.1/thumb/v7e-m+fp/hard/libgcc.a(_aeabi_uldivmod.o)
 .debug_line_str
                0x0000015a       0xd6 /Applications/ArmGNUToolchain/13.3.rel1/arm-none-eabi/bin/../lib/gcc/arm-none-eabi/13.3.1/thumb/v7e-m+fp/hard/libgcc.a(_dvmd_tls.o)
